Microchip MPLAB XC8 Compiler V1.34 ()

Linker command line:

-W-3 --edf=C:\Program Files (x86)\Microchip\xc8\v1.34\dat\en_msgs.txt -cs \
  -h+dist/default/production\Ultrasonico.X.production.sym \
  --cmf=dist/default/production\Ultrasonico.X.production.cmf -z -Q18F4550 \
  -oC:\Users\Slyfer\AppData\Local\Temp\s38s.6 \
  -Mdist/default/production/Ultrasonico.X.production.map -E1 -ver=XC8 \
  -ASTACK=060h-07ffh -pstack=STACK -ACODE=00h-07FFFh -ACONST=00h-07FFFh \
  -ASMALLCONST=0800h-08FFhx120 -AMEDIUMCONST=0800h-07FFFh -ACOMRAM=01h-05Fh \
  -AABS1=00h-07FFh -ABIGRAM=01h-07FFh -ARAM=060h-0FFh,0100h-01FFhx7 \
  -ABANK0=060h-0FFh -ABANK1=0100h-01FFh -ABANK2=0200h-02FFh \
  -ABANK3=0300h-03FFh -ABANK4=0400h-04FFh -ABANK5=0500h-05FFh \
  -ABANK6=0600h-06FFh -ABANK7=0700h-07FFh -ASFR=0F60h-0FFFh \
  -preset_vec=00h,intcode=08h,intcodelo,powerup,init,end_init \
  -pramtop=0800h -psmallconst=SMALLCONST -pmediumconst=MEDIUMCONST \
  -pconst=CONST -AFARRAM=00h-00h -ACONFIG=0300000h-030000Dh -pconfig=CONFIG \
  -AIDLOC=0200000h-0200007h -pidloc=IDLOC -AEEDATA=0F00000h-0F000FFh \
  -peeprom_data=EEDATA \
  -prdata=COMRAM,nvrram=COMRAM,nvbit=COMRAM,rbss=COMRAM,rbit=COMRAM \
  -pfarbss=FARRAM,fardata=FARRAM,nvFARRAM=FARRAM \
  -pintsave_regs=BIGRAM,bigbss=BIGRAM,bigdata=BIGRAM -pbss=RAM \
  -pidata=CODE,irdata=CODE,ibigdata=CODE,ifardata=CODE -prparam=COMRAM \
  C:\Users\Slyfer\AppData\Local\Temp\s38s.obj \
  dist/default/production\Ultrasonico.X.production.obj 

Object code version is 3.11

Machine type is 18F4550

Call graph: (short form)




                Name                               Link     Load   Length Selector   Space Scale
C:\Users\Slyfer\AppData\Local\Temp\s38s.obj
                end_init                             18       18        4        4       0
                reset_vec                             0        0        4        0       0
                idloc                            200000   200000        8   200000       0
                config                           300000   300000        E   300000       0
dist/default/production\Ultrasonico.X.production.obj
                intcode                               8        8       10        4       0
                mediumconst                        78FA     78FA      706     3C7D       0
                intcode_body                        57E      57E       B2        4       0
                text20                              962      962       1E        4       0
                text19                              9A8      9A8        E        4       0
                text18                              93E      93E       24        4       0
                text17                              4B8      4B8       C6        4       0
                text16                              116      116       F8        4       0
                text15                              2F8      2F8       E6        4       0
                text14                              918      918       26        4       0
                text13                              9B6      9B6        C        4       0
                text12                              996      996       12        4       0
                text11                              7A2      7A2       58        4       0
                text10                              8F2      8F2       26        4       0
                text9                               850      850       46        4       0
                text8                               896      896       36        4       0
                text7                               8CC      8CC       26        4       0
                text6                               6BC      6BC       76        4       0
                text5                               3DE      3DE       DA        4       0
                text4                               630      630       8C        4       0
                text3                               732      732       70        4       0
                text2                                1C       1C       FA        4       0
                text1                               7FA      7FA       56        4       0
                text0                               20E      20E       EA        4       0
                cstackCOMRAM                          1        1       3A        1       1
                bssCOMRAM                            3B       3B       12        1       1
                cinit                               980      980       16        4       0

TOTAL           Name                               Link     Load   Length     Space
        CLASS   STACK          

        CLASS   CODE           
                end_init                             18       18        4         0
                intcode                               8        8       10         0
                reset_vec                             0        0        4         0
                intcode_body                        57E      57E       B2         0
                text20                              962      962       1E         0
                text19                              9A8      9A8        E         0
                text18                              93E      93E       24         0
                text17                              4B8      4B8       C6         0
                text16                              116      116       F8         0
                text15                              2F8      2F8       E6         0
                text14                              918      918       26         0
                text13                              9B6      9B6        C         0
                text12                              996      996       12         0
                text11                              7A2      7A2       58         0
                text10                              8F2      8F2       26         0
                text9                               850      850       46         0
                text8                               896      896       36         0
                text7                               8CC      8CC       26         0
                text6                               6BC      6BC       76         0
                text5                               3DE      3DE       DA         0
                text4                               630      630       8C         0
                text3                               732      732       70         0
                text2                                1C       1C       FA         0
                text1                               7FA      7FA       56         0
                text0                               20E      20E       EA         0
                cinit                               980      980       16         0

        CLASS   CONST          

        CLASS   SMALLCONST     

        CLASS   MEDIUMCONST    
                mediumconst                        78FA     78FA      706         0

        CLASS   COMRAM         
                cstackCOMRAM                          1        1       3A         1
                bssCOMRAM                            3B       3B       12         1

        CLASS   ABS1           

        CLASS   BIGRAM         

        CLASS   RAM            

        CLASS   BANK0          

        CLASS   BANK1          

        CLASS   BANK2          

        CLASS   BANK3          

        CLASS   BANK4          

        CLASS   BANK5          

        CLASS   BANK6          

        CLASS   BANK7          

        CLASS   SFR            

        CLASS   FARRAM         

        CLASS   CONFIG         
                config                           300000   300000        E         0

        CLASS   IDLOC          
                idloc                            200000   200000        8         0

        CLASS   EEDATA         



SEGMENTS        Name                           Load    Length   Top    Selector   Space  Class

                reset_vec                      000000  000004  000004         0       0  CODE    
                cstackCOMRAM                   000001  00004C  00004D         1       1  COMRAM  
                intcode                        000008  0009BA  0009C2         4       0  CODE    
                mediumconst                    0078FA  000706  008000      3C7D       0  MEDIUMCO
                idloc                          200000  000008  200008    200000       0  IDLOC   
                config                         300000  00000E  30000E    300000       0  CONFIG  


UNUSED ADDRESS RANGES

        Name                Unused          Largest block    Delta
        BANK0            000060-0000FF               A0
        BANK1            000100-0001FF              100
        BANK2            000200-0002FF              100
        BANK3            000300-0003FF              100
        BANK4            000400-0004FF              100
        BANK5            000500-0005FF              100
        BANK6            000600-0006FF              100
        BANK7            000700-0007FF              100
        BIGRAM           00004D-0007FF              7B3
        CODE             000004-000007                4
                         0009C2-0078F9             6F38
        COMRAM           00004D-00005F               13
        CONST            000004-000007                4
                         0009C2-0078F9             6F38
        EEDATA           F00000-F000FF              100
        MEDIUMCONST      0009C2-0078F9             6F38
        RAM              000060-0007FF              100
        SFR              000F60-000FFF               A0
        SMALLCONST       0009C2-0078F9              100
        STACK            000060-0007FF              7A0

                                  Symbol Table

?___ftmul                cstackCOMRAM 00001A
?___ftpack               cstackCOMRAM 00000F
?___fttol                cstackCOMRAM 000029
?___lldiv                cstackCOMRAM 00000F
?___llmod                cstackCOMRAM 00000F
?___lwtoft               cstackCOMRAM 000017
I2CInit@modo             cstackCOMRAM 000012
I2CInit@speed            cstackCOMRAM 000011
OpenI2C@slew             cstackCOMRAM 00000F
OpenI2C@sync_mode        cstackCOMRAM 000010
WriteI2C@data_out        cstackCOMRAM 000010
_CCP1CON                 (abs)        000FBD
_CCPR1                   (abs)        000FBE
_Font                    mediumconst  007CFB
_I2CInit                 text19       0009A8
_INTCONbits              (abs)        000FF2
_IdleI2C                 text12       000996
_LATCbits                (abs)        000F8B
_OpenI2C                 text20       000962
_PIE1bits                (abs)        000F9D
_PIR1bits                (abs)        000F9E
_SSPBUF                  (abs)        000FC9
_SSPCON1                 (abs)        000FC6
_SSPCON1bits             (abs)        000FC6
_SSPCON2                 (abs)        000FC5
_SSPCON2bits             (abs)        000FC5
_SSPSTAT                 (abs)        000FC7
_SSPSTATbits             (abs)        000FC7
_T0CON                   (abs)        000FD5
_T0CONbits               (abs)        000FD5
_T1CONbits               (abs)        000FCD
_TIMER0                  intcode      000008
_TIMERInit               text18       00093E
_TMR0                    (abs)        000FD6
_TMR1                    (abs)        000FCE
_TRISBbits               (abs)        000F93
_TRISCbits               (abs)        000F94
_WriteI2C                text11       0007A2
__CFG_BOR$ON             (abs)        000000
__CFG_BORV$3             (abs)        000000
__CFG_CCP2MX$ON          (abs)        000000
__CFG_CP0$OFF            (abs)        000000
__CFG_CP1$OFF            (abs)        000000
__CFG_CP2$OFF            (abs)        000000
__CFG_CP3$OFF            (abs)        000000
__CFG_CPB$OFF            (abs)        000000
__CFG_CPD$OFF            (abs)        000000
__CFG_CPUDIV$OSC1_PLL2   (abs)        000000
__CFG_EBTR0$OFF          (abs)        000000
__CFG_EBTR1$OFF          (abs)        000000
__CFG_EBTR2$OFF          (abs)        000000
__CFG_EBTR3$OFF          (abs)        000000
__CFG_EBTRB$OFF          (abs)        000000
__CFG_FCMEN$OFF          (abs)        000000
__CFG_FOSC$XT_XT         (abs)        000000
__CFG_ICPRT$OFF          (abs)        000000
__CFG_IESO$OFF           (abs)        000000
__CFG_LPT1OSC$OFF        (abs)        000000
__CFG_LVP$OFF            (abs)        000000
__CFG_MCLRE$ON           (abs)        000000
__CFG_PBADEN$OFF         (abs)        000000
__CFG_PLLDIV$1           (abs)        000000
__CFG_PWRT$OFF           (abs)        000000
__CFG_STVREN$ON          (abs)        000000
__CFG_USBDIV$1           (abs)        000000
__CFG_VREGEN$OFF         (abs)        000000
__CFG_WDT$OFF            (abs)        000000
__CFG_WDTPS$32768        (abs)        000000
__CFG_WRT0$OFF           (abs)        000000
__CFG_WRT1$OFF           (abs)        000000
__CFG_WRT2$OFF           (abs)        000000
__CFG_WRT3$OFF           (abs)        000000
__CFG_WRTB$OFF           (abs)        000000
__CFG_WRTC$OFF           (abs)        000000
__CFG_WRTD$OFF           (abs)        000000
__CFG_XINST$OFF          (abs)        000000
__HRAM                   (abs)        000000
__Habs1                  abs1         000000
__Hbank0                 bank0        000000
__Hbank1                 bank1        000000
__Hbank2                 bank2        000000
__Hbank3                 bank3        000000
__Hbank4                 bank4        000000
__Hbank5                 bank5        000000
__Hbank6                 bank6        000000
__Hbank7                 bank7        000000
__Hbigbss                bigbss       000000
__Hbigdata               bigdata      000000
__Hbigram                bigram       000000
__Hbss                   bss          000000
__HbssCOMRAM             bssCOMRAM    000000
__Hcinit                 cinit        000000
__Hclrtext               clrtext      000000
__Hcomram                comram       000000
__Hconfig                config       30000E
__Hconst                 const        000000
__HcstackCOMRAM          cstackCOMRAM 000000
__Hdata                  data         000000
__Heeprom_data           eeprom_data  000000
__Hend_init              end_init     00001C
__Hfarbss                farbss       000000
__Hfardata               fardata      000000
__Hibigdata              ibigdata     000000
__Hidata                 idata        000000
__Hidloc                 idloc        200008
__Hifardata              ifardata     000000
__Hinit                  init         000018
__Hintcode               intcode      000018
__Hintcode_body          intcode_body 000000
__Hintcodelo             intcodelo    000018
__Hintentry              intentry     000000
__Hintret                intret       000000
__Hintsave_regs          intsave_regs 000000
__Hirdata                irdata       000000
__Hmediumconst           mediumconst  008000
__HnvFARRAM              nvFARRAM     000000
__Hnvbit                 nvbit        000000
__Hnvrram                nvrram       000000
__Hparam                 rparam       000000
__Hpowerup               powerup      000018
__Hram                   ram          000000
__Hramtop                ramtop       000800
__Hrbit                  rbit         000000
__Hrbss                  rbss         000000
__Hrdata                 rdata        000000
__Hreset_vec             reset_vec    000004
__Hrparam                rparam       000000
__Hsfr                   sfr          000000
__Hsmallconst            smallconst   000000
__Hspace_0               (abs)        30000E
__Hspace_1               (abs)        00004D
__Hspace_2               (abs)        000000
__Hstack                 stack        000000
__Hstruct                struct       000000
__Htemp                  temp         000000
__Htext                  text         000000
__Htext0                 text0        000000
__Htext1                 text1        000000
__Htext10                text10       000000
__Htext11                text11       000000
__Htext12                text12       000000
__Htext13                text13       000000
__Htext14                text14       000000
__Htext15                text15       000000
__Htext16                text16       000000
__Htext17                text17       000000
__Htext18                text18       000000
__Htext19                text19       000000
__Htext2                 text2        000000
__Htext20                text20       000000
__Htext3                 text3        000000
__Htext4                 text4        000000
__Htext5                 text5        000000
__Htext6                 text6        000000
__Htext7                 text7        000000
__Htext8                 text8        000000
__Htext9                 text9        000000
__LRAM                   (abs)        000001
__Labs1                  abs1         000000
__Lbank0                 bank0        000000
__Lbank1                 bank1        000000
__Lbank2                 bank2        000000
__Lbank3                 bank3        000000
__Lbank4                 bank4        000000
__Lbank5                 bank5        000000
__Lbank6                 bank6        000000
__Lbank7                 bank7        000000
__Lbigbss                bigbss       000000
__Lbigdata               bigdata      000000
__Lbigram                bigram       000000
__Lbss                   bss          000000
__LbssCOMRAM             bssCOMRAM    000000
__Lcinit                 cinit        000000
__Lclrtext               clrtext      000000
__Lcomram                comram       000000
__Lconfig                config       300000
__Lconst                 const        000000
__LcstackCOMRAM          cstackCOMRAM 000000
__Ldata                  data         000000
__Leeprom_data           eeprom_data  000000
__Lend_init              end_init     000018
__Lfarbss                farbss       000000
__Lfardata               fardata      000000
__Libigdata              ibigdata     000000
__Lidata                 idata        000000
__Lidloc                 idloc        200000
__Lifardata              ifardata     000000
__Linit                  init         000018
__Lintcode               intcode      000008
__Lintcode_body          intcode_body 000000
__Lintcodelo             intcodelo    000018
__Lintentry              intentry     000000
__Lintret                intret       000000
__Lintsave_regs          intsave_regs 000000
__Lirdata                irdata       000000
__Lmediumconst           mediumconst  0078FA
__LnvFARRAM              nvFARRAM     000000
__Lnvbit                 nvbit        000000
__Lnvrram                nvrram       000000
__Lparam                 rparam       000000
__Lpowerup               powerup      000018
__Lram                   ram          000000
__Lramtop                ramtop       000800
__Lrbit                  rbit         000000
__Lrbss                  rbss         000000
__Lrdata                 rdata        000000
__Lreset_vec             reset_vec    000000
__Lrparam                rparam       000000
__Lsfr                   sfr          000000
__Lsmallconst            smallconst   000000
__Lspace_0               (abs)        000000
__Lspace_1               (abs)        000000
__Lspace_2               (abs)        000000
__Lstack                 stack        000000
__Lstruct                struct       000000
__Ltemp                  temp         000000
__Ltext                  text         000000
__Ltext0                 text0        000000
__Ltext1                 text1        000000
__Ltext10                text10       000000
__Ltext11                text11       000000
__Ltext12                text12       000000
__Ltext13                text13       000000
__Ltext14                text14       000000
__Ltext15                text15       000000
__Ltext16                text16       000000
__Ltext17                text17       000000
__Ltext18                text18       000000
__Ltext19                text19       000000
__Ltext2                 text2        000000
__Ltext20                text20       000000
__Ltext3                 text3        000000
__Ltext4                 text4        000000
__Ltext5                 text5        000000
__Ltext6                 text6        000000
__Ltext7                 text7        000000
__Ltext8                 text8        000000
__Ltext9                 text9        000000
__S0                     (abs)        30000E
__S1                     (abs)        00004D
__S2                     (abs)        000000
___ftmul                 text16       000116
___ftmul@cntr            cstackCOMRAM 000027
___ftmul@exp             cstackCOMRAM 000023
___ftmul@f1              cstackCOMRAM 00001A
___ftmul@f2              cstackCOMRAM 00001D
___ftmul@f3_as_product   cstackCOMRAM 000024
___ftmul@sign            cstackCOMRAM 000028
___ftpack                text17       0004B8
___ftpack@arg            cstackCOMRAM 00000F
___ftpack@exp            cstackCOMRAM 000012
___ftpack@sign           cstackCOMRAM 000013
___fttol                 text15       0002F8
___fttol@exp1            cstackCOMRAM 000037
___fttol@f1              cstackCOMRAM 000029
___fttol@lval            cstackCOMRAM 000033
___fttol@sign1           cstackCOMRAM 000032
___inthi_sp              stack        000000
___intlo_sp              stack        000000
___lldiv                 text4        000630
___lldiv@counter         cstackCOMRAM 00001B
___lldiv@dividend        cstackCOMRAM 00000F
___lldiv@divisor         cstackCOMRAM 000013
___lldiv@quotient        cstackCOMRAM 000017
___llmod                 text3        000732
___llmod@counter         cstackCOMRAM 000017
___llmod@dividend        cstackCOMRAM 00000F
___llmod@divisor         cstackCOMRAM 000013
___lwtoft                text14       000918
___lwtoft@c              cstackCOMRAM 000017
___param_bank            (abs)        000010
___rparam_used           (abs)        000001
___sp                    stack        000000
__accesstop              (abs)        000060
__activetblptr           (abs)        000002
__end_of_Font            mediumconst  007FFB
__end_of_I2CInit         text19       0009B6
__end_of_IdleI2C         text12       0009A8
__end_of_OpenI2C         text20       000980
__end_of_TIMER0          intcode_body 000630
__end_of_TIMERInit       text18       000962
__end_of_WriteI2C        text11       0007FA
__end_of___ftmul         text16       00020E
__end_of___ftpack        text17       00057E
__end_of___fttol         text15       0003DE
__end_of___lldiv         text4        0006BC
__end_of___llmod         text3        0007A2
__end_of___lwtoft        text14       00093E
__end_of__initialization cinit        00098C
__end_of_ccpInit         text13       0009C2
__end_of_cypress         mediumconst  007CFB
__end_of_delay           text7        0008F2
__end_of_display_Clear   text8        0008CC
__end_of_display_Init    text6        000732
__end_of_display_Set     text9        000896
__end_of_display_String  text5        0004B8
__end_of_ltoa            text1        000850
__end_of_main            text0        0002F8
__end_of_ultoa           text2        000116
__end_of_write_Cmd       text10       000918
__initialization         cinit        000980
__mediumconst            mediumconst  0078FA
__pbssCOMRAM             bssCOMRAM    00003B
__pcinit                 cinit        000980
__pcstackCOMRAM          cstackCOMRAM 000001
__pintcode               intcode      000008
__pintcode_body          intcode_body 00057E
__pmediumconst           mediumconst  0078FA
__ptext0                 text0        00020E
__ptext1                 text1        0007FA
__ptext10                text10       0008F2
__ptext11                text11       0007A2
__ptext12                text12       000996
__ptext13                text13       0009B6
__ptext14                text14       000918
__ptext15                text15       0002F8
__ptext16                text16       000116
__ptext17                text17       0004B8
__ptext18                text18       00093E
__ptext19                text19       0009A8
__ptext2                 text2        00001C
__ptext20                text20       000962
__ptext3                 text3        000732
__ptext4                 text4        000630
__ptext5                 text5        0003DE
__ptext6                 text6        0006BC
__ptext7                 text7        0008CC
__ptext8                 text8        000896
__ptext9                 text9        000850
__ramtop                 ramtop       000800
__size_of_I2CInit        (abs)        000000
__size_of_IdleI2C        (abs)        000000
__size_of_OpenI2C        (abs)        000000
__size_of_TIMER0         (abs)        000000
__size_of_TIMERInit      (abs)        000000
__size_of_WriteI2C       (abs)        000000
__size_of___ftmul        (abs)        000000
__size_of___ftpack       (abs)        000000
__size_of___fttol        (abs)        000000
__size_of___lldiv        (abs)        000000
__size_of___llmod        (abs)        000000
__size_of___lwtoft       (abs)        000000
__size_of_ccpInit        (abs)        000000
__size_of_delay          (abs)        000000
__size_of_display_Clear  (abs)        000000
__size_of_display_Init   (abs)        000000
__size_of_display_Set    (abs)        000000
__size_of_display_String (abs)        000000
__size_of_ltoa           (abs)        000000
__size_of_main           (abs)        000000
__size_of_ultoa          (abs)        000000
__size_of_write_Cmd      (abs)        000000
__smallconst             smallconst   000000
_ccpInit                 text13       0009B6
_cypress                 mediumconst  0078FB
_d                       bssCOMRAM    00003B
_delay                   text7        0008CC
_display_Clear           text8        000896
_display_Init            text6        0006BC
_display_Set             text9        000850
_display_String          text5        0003DE
_ltoa                    text1        0007FA
_main                    text0        00020E
_mostrar                 bssCOMRAM    000043
_pulso                   bssCOMRAM    000044
_tb                      bssCOMRAM    00003D
_tf                      bssCOMRAM    000045
_ts                      bssCOMRAM    00003F
_tt                      bssCOMRAM    000041
_ultoa                   text2        00001C
_write_Cmd               text10       0008F2
delay@input              cstackCOMRAM 00000F
delay@j                  cstackCOMRAM 000011
delay@x                  cstackCOMRAM 000010
display_Clear@i          cstackCOMRAM 000017
display_Clear@j          cstackCOMRAM 000016
display_Set@x            cstackCOMRAM 000015
display_Set@y            cstackCOMRAM 000013
display_String@cadena    cstackCOMRAM 000017
display_String@i         cstackCOMRAM 000020
display_String@x         cstackCOMRAM 00001F
display_String@y         cstackCOMRAM 000016
end_of_initialization    cinit        00098C
int_func                 intcode_body 00057E
intlevel0                text         000000
intlevel1                text         000000
intlevel2                text         000000
intlevel3                text         000000
ltoa@base                cstackCOMRAM 00002F
ltoa@buf                 cstackCOMRAM 000029
ltoa@cp                  cstackCOMRAM 000031
ltoa@val                 cstackCOMRAM 00002B
main@i                   cstackCOMRAM 00003A
stackhi                  (abs)        0007FF
stacklo                  (abs)        000060
start                    init         000018
start_initialization     cinit        000980
ultoa@base               cstackCOMRAM 000022
ultoa@buf                cstackCOMRAM 00001C
ultoa@c                  cstackCOMRAM 000028
ultoa@v                  cstackCOMRAM 000024
ultoa@val                cstackCOMRAM 00001E
write_Cmd@Data           cstackCOMRAM 000011
write_Cmd@Register       cstackCOMRAM 000012


FUNCTION INFORMATION:

 *************** function _main *****************
 Defined at:
		line 22 in file "Main.c"
 Parameters:    Size  Location     Type
		None
 Auto vars:     Size  Location     Type
  i               1   57[COMRAM] unsigned char 
 Return value:  Size  Location     Type
		None               void
 Registers used:
		wreg, fsr0l, fsr0h, fsr2l, fsr2h, status,2, status,0, tblptrl, tblptrh, tblptru, prodl, prodh, cstack
 Tracked objects:
		On entry : 
		On exit  : 
		Unchanged: 
 Data sizes:     COMRAM   BANK0   BANK1   BANK2   BANK3   BANK4   BANK5   BANK6   BANK7
      Params:         0       0       0       0       0       0       0       0       0
      Locals:         1       0       0       0       0       0       0       0       0
      Temps:          2       0       0       0       0       0       0       0       0
      Totals:         3       0       0       0       0       0       0       0       0
Total ram usage:        3 bytes
 Hardware stack levels required when called:    6
 This function calls:
		_I2CInit
		_TIMERInit
		___ftmul
		___fttol
		___lwtoft
		_ccpInit
		_display_Clear
		_display_Init
		_display_String
		_ltoa
 This function is called by:
		Startup code after reset
 This function uses a non-reentrant model


 *************** function _ltoa *****************
 Defined at:
		line 7 in file "C:\Program Files (x86)\Microchip\xc8\v1.34\sources\common\ltoa.c"
 Parameters:    Size  Location     Type
  buf             2   40[COMRAM] PTR unsigned char 
		 -> tf(8), 
  val             4   42[COMRAM] long 
  base            2   46[COMRAM] int 
 Auto vars:     Size  Location     Type
  cp              2   48[COMRAM] PTR unsigned char 
		 -> tf(8), 
 Return value:  Size  Location     Type
                  2   40[COMRAM] PTR unsigned char 
 Registers used:
		wreg, fsr2l, fsr2h, status,2, status,0, cstack
 Tracked objects:
		On entry : 
		On exit  : 
		Unchanged: 
 Data sizes:     COMRAM   BANK0   BANK1   BANK2   BANK3   BANK4   BANK5   BANK6   BANK7
      Params:         8       0       0       0       0       0       0       0       0
      Locals:         2       0       0       0       0       0       0       0       0
      Temps:          0       0       0       0       0       0       0       0       0
      Totals:        10       0       0       0       0       0       0       0       0
Total ram usage:       10 bytes
 Hardware stack levels used:    1
 Hardware stack levels required when called:    3
 This function calls:
		_ultoa
 This function is called by:
		_main
 This function uses a non-reentrant model


 *************** function _ultoa *****************
 Defined at:
		line 32 in file "C:\Program Files (x86)\Microchip\xc8\v1.34\sources\common\ltoa.c"
 Parameters:    Size  Location     Type
  buf             2   27[COMRAM] PTR unsigned char 
		 -> tf(8), 
  val             4   29[COMRAM] unsigned long 
  base            2   33[COMRAM] int 
 Auto vars:     Size  Location     Type
  v               4   35[COMRAM] unsigned long 
  c               1   39[COMRAM] unsigned char 
 Return value:  Size  Location     Type
                  2   27[COMRAM] PTR unsigned char 
 Registers used:
		wreg, fsr2l, fsr2h, status,2, status,0, cstack
 Tracked objects:
		On entry : 
		On exit  : 
		Unchanged: 
 Data sizes:     COMRAM   BANK0   BANK1   BANK2   BANK3   BANK4   BANK5   BANK6   BANK7
      Params:         8       0       0       0       0       0       0       0       0
      Locals:         5       0       0       0       0       0       0       0       0
      Temps:          0       0       0       0       0       0       0       0       0
      Totals:        13       0       0       0       0       0       0       0       0
Total ram usage:       13 bytes
 Hardware stack levels used:    1
 Hardware stack levels required when called:    2
 This function calls:
		___lldiv
		___llmod
 This function is called by:
		_ltoa
 This function uses a non-reentrant model


 *************** function ___llmod *****************
 Defined at:
		line 8 in file "C:\Program Files (x86)\Microchip\xc8\v1.34\sources\common\llmod.c"
 Parameters:    Size  Location     Type
  dividend        4   14[COMRAM] unsigned long 
  divisor         4   18[COMRAM] unsigned long 
 Auto vars:     Size  Location     Type
  counter         1   22[COMRAM] unsigned char 
 Return value:  Size  Location     Type
                  4   14[COMRAM] unsigned long 
 Registers used:
		wreg, status,2, status,0
 Tracked objects:
		On entry : 
		On exit  : 
		Unchanged: 
 Data sizes:     COMRAM   BANK0   BANK1   BANK2   BANK3   BANK4   BANK5   BANK6   BANK7
      Params:         8       0       0       0       0       0       0       0       0
      Locals:         1       0       0       0       0       0       0       0       0
      Temps:          0       0       0       0       0       0       0       0       0
      Totals:         9       0       0       0       0       0       0       0       0
Total ram usage:        9 bytes
 Hardware stack levels used:    1
 Hardware stack levels required when called:    1
 This function calls:
		Nothing
 This function is called by:
		_ultoa
 This function uses a non-reentrant model


 *************** function ___lldiv *****************
 Defined at:
		line 8 in file "C:\Program Files (x86)\Microchip\xc8\v1.34\sources\common\lldiv.c"
 Parameters:    Size  Location     Type
  dividend        4   14[COMRAM] unsigned long 
  divisor         4   18[COMRAM] unsigned long 
 Auto vars:     Size  Location     Type
  quotient        4   22[COMRAM] unsigned long 
  counter         1   26[COMRAM] unsigned char 
 Return value:  Size  Location     Type
                  4   14[COMRAM] unsigned long 
 Registers used:
		wreg, status,2, status,0
 Tracked objects:
		On entry : 
		On exit  : 
		Unchanged: 
 Data sizes:     COMRAM   BANK0   BANK1   BANK2   BANK3   BANK4   BANK5   BANK6   BANK7
      Params:         8       0       0       0       0       0       0       0       0
      Locals:         5       0       0       0       0       0       0       0       0
      Temps:          0       0       0       0       0       0       0       0       0
      Totals:        13       0       0       0       0       0       0       0       0
Total ram usage:       13 bytes
 Hardware stack levels used:    1
 Hardware stack levels required when called:    1
 This function calls:
		Nothing
 This function is called by:
		_ultoa
 This function uses a non-reentrant model


 *************** function _display_String *****************
 Defined at:
		line 249 in file "I2C_OLED1.h"
 Parameters:    Size  Location     Type
  x               1    wreg     unsigned char 
  y               1   21[COMRAM] unsigned char 
  cadena          2   22[COMRAM] PTR unsigned char 
		 -> STR_1(3), tf(8), 
 Auto vars:     Size  Location     Type
  x               1   30[COMRAM] unsigned char 
  i               1   31[COMRAM] unsigned char 
 Return value:  Size  Location     Type
		None               void
 Registers used:
		wreg, fsr0l, fsr0h, status,2, status,0, tblptrl, tblptrh, tblptru, prodl, prodh, cstack
 Tracked objects:
		On entry : 
		On exit  : 
		Unchanged: 
 Data sizes:     COMRAM   BANK0   BANK1   BANK2   BANK3   BANK4   BANK5   BANK6   BANK7
      Params:         3       0       0       0       0       0       0       0       0
      Locals:         2       0       0       0       0       0       0       0       0
      Temps:          6       0       0       0       0       0       0       0       0
      Totals:        11       0       0       0       0       0       0       0       0
Total ram usage:       11 bytes
 Hardware stack levels used:    1
 Hardware stack levels required when called:    5
 This function calls:
		_display_Set
		_write_Cmd
 This function is called by:
		_main
 This function uses a non-reentrant model


 *************** function _display_Init *****************
 Defined at:
		line 211 in file "I2C_OLED1.h"
 Parameters:    Size  Location     Type
		None
 Auto vars:     Size  Location     Type
		None
 Return value:  Size  Location     Type
		None               void
 Registers used:
		wreg, status,2, status,0, cstack
 Tracked objects:
		On entry : 
		On exit  : 
		Unchanged: 
 Data sizes:     COMRAM   BANK0   BANK1   BANK2   BANK3   BANK4   BANK5   BANK6   BANK7
      Params:         0       0       0       0       0       0       0       0       0
      Locals:         0       0       0       0       0       0       0       0       0
      Temps:          0       0       0       0       0       0       0       0       0
      Totals:         0       0       0       0       0       0       0       0       0
Total ram usage:        0 bytes
 Hardware stack levels used:    1
 Hardware stack levels required when called:    4
 This function calls:
		_delay
		_write_Cmd
 This function is called by:
		_main
 This function uses a non-reentrant model


 *************** function _delay *****************
 Defined at:
		line 189 in file "I2C_OLED1.h"
 Parameters:    Size  Location     Type
  input           1    wreg     unsigned char 
 Auto vars:     Size  Location     Type
  input           1   14[COMRAM] unsigned char 
  j               1   16[COMRAM] unsigned char 
  x               1   15[COMRAM] unsigned char 
 Return value:  Size  Location     Type
		None               void
 Registers used:
		wreg, status,2, status,0
 Tracked objects:
		On entry : 
		On exit  : 
		Unchanged: 
 Data sizes:     COMRAM   BANK0   BANK1   BANK2   BANK3   BANK4   BANK5   BANK6   BANK7
      Params:         0       0       0       0       0       0       0       0       0
      Locals:         3       0       0       0       0       0       0       0       0
      Temps:          0       0       0       0       0       0       0       0       0
      Totals:         3       0       0       0       0       0       0       0       0
Total ram usage:        3 bytes
 Hardware stack levels used:    1
 Hardware stack levels required when called:    1
 This function calls:
		Nothing
 This function is called by:
		_display_Init
 This function uses a non-reentrant model


 *************** function _display_Clear *****************
 Defined at:
		line 234 in file "I2C_OLED1.h"
 Parameters:    Size  Location     Type
		None
 Auto vars:     Size  Location     Type
  j               1   21[COMRAM] unsigned char 
  i               1   22[COMRAM] unsigned char 
 Return value:  Size  Location     Type
		None               void
 Registers used:
		wreg, status,2, status,0, prodl, prodh, cstack
 Tracked objects:
		On entry : 
		On exit  : 
		Unchanged: 
 Data sizes:     COMRAM   BANK0   BANK1   BANK2   BANK3   BANK4   BANK5   BANK6   BANK7
      Params:         0       0       0       0       0       0       0       0       0
      Locals:         2       0       0       0       0       0       0       0       0
      Temps:          0       0       0       0       0       0       0       0       0
      Totals:         2       0       0       0       0       0       0       0       0
Total ram usage:        2 bytes
 Hardware stack levels used:    1
 Hardware stack levels required when called:    5
 This function calls:
		_display_Set
		_write_Cmd
 This function is called by:
		_main
 This function uses a non-reentrant model


 *************** function _display_Set *****************
 Defined at:
		line 227 in file "I2C_OLED1.h"
 Parameters:    Size  Location     Type
  x               1    wreg     unsigned char 
  y               1   18[COMRAM] unsigned char 
 Auto vars:     Size  Location     Type
  x               1   20[COMRAM] unsigned char 
 Return value:  Size  Location     Type
		None               void
 Registers used:
		wreg, status,2, status,0, prodl, prodh, cstack
 Tracked objects:
		On entry : 
		On exit  : 
		Unchanged: 
 Data sizes:     COMRAM   BANK0   BANK1   BANK2   BANK3   BANK4   BANK5   BANK6   BANK7
      Params:         1       0       0       0       0       0       0       0       0
      Locals:         1       0       0       0       0       0       0       0       0
      Temps:          1       0       0       0       0       0       0       0       0
      Totals:         3       0       0       0       0       0       0       0       0
Total ram usage:        3 bytes
 Hardware stack levels used:    1
 Hardware stack levels required when called:    4
 This function calls:
		_write_Cmd
 This function is called by:
		_display_Clear
		_display_String
		_display_Bitmap
 This function uses a non-reentrant model


 *************** function _write_Cmd *****************
 Defined at:
		line 199 in file "I2C_OLED1.h"
 Parameters:    Size  Location     Type
  Register        1    wreg     unsigned char 
  Data            1   16[COMRAM] unsigned char 
 Auto vars:     Size  Location     Type
  Register        1   17[COMRAM] unsigned char 
 Return value:  Size  Location     Type
		None               void
 Registers used:
		wreg, status,2, status,0, cstack
 Tracked objects:
		On entry : 
		On exit  : 
		Unchanged: 
 Data sizes:     COMRAM   BANK0   BANK1   BANK2   BANK3   BANK4   BANK5   BANK6   BANK7
      Params:         1       0       0       0       0       0       0       0       0
      Locals:         1       0       0       0       0       0       0       0       0
      Temps:          0       0       0       0       0       0       0       0       0
      Totals:         2       0       0       0       0       0       0       0       0
Total ram usage:        2 bytes
 Hardware stack levels used:    1
 Hardware stack levels required when called:    3
 This function calls:
		_WriteI2C
 This function is called by:
		_display_Init
		_display_Set
		_display_Clear
		_display_String
		_display_Char
		_display_Bitmap
		_display_Invert
 This function uses a non-reentrant model


 *************** function _WriteI2C *****************
 Defined at:
		line 12 in file "C:\Program Files (x86)\Microchip\xc8\v1.34\sources\pic18\plib\i2c\i2c_writ.c"
 Parameters:    Size  Location     Type
  data_out        1    wreg     unsigned char 
 Auto vars:     Size  Location     Type
  data_out        1   15[COMRAM] unsigned char 
 Return value:  Size  Location     Type
                  1    wreg      char 
 Registers used:
		wreg, status,2, status,0, cstack
 Tracked objects:
		On entry : 
		On exit  : 
		Unchanged: 
 Data sizes:     COMRAM   BANK0   BANK1   BANK2   BANK3   BANK4   BANK5   BANK6   BANK7
      Params:         0       0       0       0       0       0       0       0       0
      Locals:         1       0       0       0       0       0       0       0       0
      Temps:          0       0       0       0       0       0       0       0       0
      Totals:         1       0       0       0       0       0       0       0       0
Total ram usage:        1 bytes
 Hardware stack levels used:    1
 Hardware stack levels required when called:    2
 This function calls:
		_IdleI2C
 This function is called by:
		_write_Cmd
 This function uses a non-reentrant model


 *************** function _IdleI2C *****************
 Defined at:
		line 24 in file "C:\Program Files (x86)\Microchip\xc8\v1.34\sources\pic18\plib\i2c\i2c_idle.c"
 Parameters:    Size  Location     Type
		None
 Auto vars:     Size  Location     Type
		None
 Return value:  Size  Location     Type
		None               void
 Registers used:
		wreg, status,2, status,0
 Tracked objects:
		On entry : 
		On exit  : 
		Unchanged: 
 Data sizes:     COMRAM   BANK0   BANK1   BANK2   BANK3   BANK4   BANK5   BANK6   BANK7
      Params:         0       0       0       0       0       0       0       0       0
      Locals:         0       0       0       0       0       0       0       0       0
      Temps:          1       0       0       0       0       0       0       0       0
      Totals:         1       0       0       0       0       0       0       0       0
Total ram usage:        1 bytes
 Hardware stack levels used:    1
 Hardware stack levels required when called:    1
 This function calls:
		Nothing
 This function is called by:
		_WriteI2C
 This function uses a non-reentrant model


 *************** function _ccpInit *****************
 Defined at:
		line 46 in file "Main.c"
 Parameters:    Size  Location     Type
		None
 Auto vars:     Size  Location     Type
		None
 Return value:  Size  Location     Type
		None               void
 Registers used:
		wreg, status,2
 Tracked objects:
		On entry : 
		On exit  : 
		Unchanged: 
 Data sizes:     COMRAM   BANK0   BANK1   BANK2   BANK3   BANK4   BANK5   BANK6   BANK7
      Params:         0       0       0       0       0       0       0       0       0
      Locals:         0       0       0       0       0       0       0       0       0
      Temps:          0       0       0       0       0       0       0       0       0
      Totals:         0       0       0       0       0       0       0       0       0
Total ram usage:        0 bytes
 Hardware stack levels used:    1
 Hardware stack levels required when called:    1
 This function calls:
		Nothing
 This function is called by:
		_main
 This function uses a non-reentrant model


 *************** function ___lwtoft *****************
 Defined at:
		line 28 in file "C:\Program Files (x86)\Microchip\xc8\v1.34\sources\common\lwtoft.c"
 Parameters:    Size  Location     Type
  c               2   22[COMRAM] unsigned int 
 Auto vars:     Size  Location     Type
		None
 Return value:  Size  Location     Type
                  3   22[COMRAM] float 
 Registers used:
		wreg, status,2, status,0, cstack
 Tracked objects:
		On entry : 
		On exit  : 
		Unchanged: 
 Data sizes:     COMRAM   BANK0   BANK1   BANK2   BANK3   BANK4   BANK5   BANK6   BANK7
      Params:         3       0       0       0       0       0       0       0       0
      Locals:         0       0       0       0       0       0       0       0       0
      Temps:          0       0       0       0       0       0       0       0       0
      Totals:         3       0       0       0       0       0       0       0       0
Total ram usage:        3 bytes
 Hardware stack levels used:    1
 Hardware stack levels required when called:    2
 This function calls:
		___ftpack
 This function is called by:
		_main
 This function uses a non-reentrant model


 *************** function ___fttol *****************
 Defined at:
		line 44 in file "C:\Program Files (x86)\Microchip\xc8\v1.34\sources\common\fttol.c"
 Parameters:    Size  Location     Type
  f1              3   40[COMRAM] float 
 Auto vars:     Size  Location     Type
  lval            4   50[COMRAM] unsigned long 
  exp1            1   54[COMRAM] unsigned char 
  sign1           1   49[COMRAM] unsigned char 
 Return value:  Size  Location     Type
                  4   40[COMRAM] long 
 Registers used:
		wreg, status,2, status,0
 Tracked objects:
		On entry : 
		On exit  : 
		Unchanged: 
 Data sizes:     COMRAM   BANK0   BANK1   BANK2   BANK3   BANK4   BANK5   BANK6   BANK7
      Params:         4       0       0       0       0       0       0       0       0
      Locals:         6       0       0       0       0       0       0       0       0
      Temps:          5       0       0       0       0       0       0       0       0
      Totals:        15       0       0       0       0       0       0       0       0
Total ram usage:       15 bytes
 Hardware stack levels used:    1
 Hardware stack levels required when called:    1
 This function calls:
		Nothing
 This function is called by:
		_main
 This function uses a non-reentrant model


 *************** function ___ftmul *****************
 Defined at:
		line 62 in file "C:\Program Files (x86)\Microchip\xc8\v1.34\sources\common\ftmul.c"
 Parameters:    Size  Location     Type
  f1              3   25[COMRAM] float 
  f2              3   28[COMRAM] float 
 Auto vars:     Size  Location     Type
  f3_as_produc    3   35[COMRAM] unsigned um
  sign            1   39[COMRAM] unsigned char 
  cntr            1   38[COMRAM] unsigned char 
  exp             1   34[COMRAM] unsigned char 
 Return value:  Size  Location     Type
                  3   25[COMRAM] float 
 Registers used:
		wreg, status,2, status,0, cstack
 Tracked objects:
		On entry : 
		On exit  : 
		Unchanged: 
 Data sizes:     COMRAM   BANK0   BANK1   BANK2   BANK3   BANK4   BANK5   BANK6   BANK7
      Params:         6       0       0       0       0       0       0       0       0
      Locals:         6       0       0       0       0       0       0       0       0
      Temps:          3       0       0       0       0       0       0       0       0
      Totals:        15       0       0       0       0       0       0       0       0
Total ram usage:       15 bytes
 Hardware stack levels used:    1
 Hardware stack levels required when called:    2
 This function calls:
		___ftpack
 This function is called by:
		_main
 This function uses a non-reentrant model


 *************** function ___ftpack *****************
 Defined at:
		line 62 in file "C:\Program Files (x86)\Microchip\xc8\v1.34\sources\common\float.c"
 Parameters:    Size  Location     Type
  arg             3   14[COMRAM] unsigned um
  exp             1   17[COMRAM] unsigned char 
  sign            1   18[COMRAM] unsigned char 
 Auto vars:     Size  Location     Type
		None
 Return value:  Size  Location     Type
                  3   14[COMRAM] float 
 Registers used:
		wreg, status,2, status,0
 Tracked objects:
		On entry : 
		On exit  : 
		Unchanged: 
 Data sizes:     COMRAM   BANK0   BANK1   BANK2   BANK3   BANK4   BANK5   BANK6   BANK7
      Params:         5       0       0       0       0       0       0       0       0
      Locals:         0       0       0       0       0       0       0       0       0
      Temps:          3       0       0       0       0       0       0       0       0
      Totals:         8       0       0       0       0       0       0       0       0
Total ram usage:        8 bytes
 Hardware stack levels used:    1
 Hardware stack levels required when called:    1
 This function calls:
		Nothing
 This function is called by:
		___ftmul
		___lwtoft
 This function uses a non-reentrant model


 *************** function _TIMERInit *****************
 Defined at:
		line 53 in file "Main.c"
 Parameters:    Size  Location     Type
		None
 Auto vars:     Size  Location     Type
		None
 Return value:  Size  Location     Type
		None               void
 Registers used:
		wreg, status,2
 Tracked objects:
		On entry : 
		On exit  : 
		Unchanged: 
 Data sizes:     COMRAM   BANK0   BANK1   BANK2   BANK3   BANK4   BANK5   BANK6   BANK7
      Params:         0       0       0       0       0       0       0       0       0
      Locals:         0       0       0       0       0       0       0       0       0
      Temps:          0       0       0       0       0       0       0       0       0
      Totals:         0       0       0       0       0       0       0       0       0
Total ram usage:        0 bytes
 Hardware stack levels used:    1
 Hardware stack levels required when called:    1
 This function calls:
		Nothing
 This function is called by:
		_main
 This function uses a non-reentrant model


 *************** function _I2CInit *****************
 Defined at:
		line 195 in file "I2C_OLED1.h"
 Parameters:    Size  Location     Type
  modo            1    wreg     unsigned char 
  speed           1   16[COMRAM] unsigned char 
 Auto vars:     Size  Location     Type
  modo            1   17[COMRAM] unsigned char 
 Return value:  Size  Location     Type
		None               void
 Registers used:
		wreg, status,2, status,0, cstack
 Tracked objects:
		On entry : 
		On exit  : 
		Unchanged: 
 Data sizes:     COMRAM   BANK0   BANK1   BANK2   BANK3   BANK4   BANK5   BANK6   BANK7
      Params:         1       0       0       0       0       0       0       0       0
      Locals:         1       0       0       0       0       0       0       0       0
      Temps:          0       0       0       0       0       0       0       0       0
      Totals:         2       0       0       0       0       0       0       0       0
Total ram usage:        2 bytes
 Hardware stack levels used:    1
 Hardware stack levels required when called:    2
 This function calls:
		_OpenI2C
 This function is called by:
		_main
 This function uses a non-reentrant model


 *************** function _OpenI2C *****************
 Defined at:
		line 14 in file "C:\Program Files (x86)\Microchip\xc8\v1.34\sources\pic18\plib\i2c\i2c_open.c"
 Parameters:    Size  Location     Type
  sync_mode       1    wreg     unsigned char 
  slew            1   14[COMRAM] unsigned char 
 Auto vars:     Size  Location     Type
  sync_mode       1   15[COMRAM] unsigned char 
 Return value:  Size  Location     Type
		None               void
 Registers used:
		wreg, status,2, status,0
 Tracked objects:
		On entry : 
		On exit  : 
		Unchanged: 
 Data sizes:     COMRAM   BANK0   BANK1   BANK2   BANK3   BANK4   BANK5   BANK6   BANK7
      Params:         1       0       0       0       0       0       0       0       0
      Locals:         1       0       0       0       0       0       0       0       0
      Temps:          0       0       0       0       0       0       0       0       0
      Totals:         2       0       0       0       0       0       0       0       0
Total ram usage:        2 bytes
 Hardware stack levels used:    1
 Hardware stack levels required when called:    1
 This function calls:
		Nothing
 This function is called by:
		_I2CInit
 This function uses a non-reentrant model


 *************** function _TIMER0 *****************
 Defined at:
		line 69 in file "Main.c"
 Parameters:    Size  Location     Type
		None
 Auto vars:     Size  Location     Type
		None
 Return value:  Size  Location     Type
		None               void
 Registers used:
		wreg, status,2
 Tracked objects:
		On entry : 
		On exit  : 
		Unchanged: 
 Data sizes:     COMRAM   BANK0   BANK1   BANK2   BANK3   BANK4   BANK5   BANK6   BANK7
      Params:         0       0       0       0       0       0       0       0       0
      Locals:         0       0       0       0       0       0       0       0       0
      Temps:         14       0       0       0       0       0       0       0       0
      Totals:        14       0       0       0       0       0       0       0       0
Total ram usage:       14 bytes
 Hardware stack levels used:    1
 This function calls:
		Nothing
 This function is called by:
		Interrupt level 2
 This function uses a non-reentrant model



MODULE INFORMATION

Module		Function		Class		Link	Load	Size
C:\Program Files (x86)\Microchip\xc8\v1.34\sources\pic18\plib\i2c\i2c_idle.c
		_IdleI2C       		CODE           	0996	0000	19

C:\Program Files (x86)\Microchip\xc8\v1.34\sources\pic18\plib\i2c\i2c_idle.c estimated size: 19

C:\Program Files (x86)\Microchip\xc8\v1.34\sources\common\float.c
		___ftpack      		CODE           	04B8	0000	199

C:\Program Files (x86)\Microchip\xc8\v1.34\sources\common\float.c estimated size: 199

I2C_OLED1.h
		_delay         		CODE           	08CC	0000	39
		_display_Set   		CODE           	0850	0000	71
		_display_Init  		CODE           	06BC	0000	119
		_display_Clear 		CODE           	0896	0000	55
		_write_Cmd     		CODE           	08F2	0000	39
		_display_String		CODE           	03DE	0000	219
		_I2CInit       		CODE           	09A8	0000	15

I2C_OLED1.h estimated size: 557

C:\Program Files (x86)\Microchip\xc8\v1.34\sources\common\llmod.c
		___llmod       		CODE           	0732	0000	113

C:\Program Files (x86)\Microchip\xc8\v1.34\sources\common\llmod.c estimated size: 113

C:\Program Files (x86)\Microchip\xc8\v1.34\sources\common\ltoa.c
		_ltoa          		CODE           	07FA	0000	87
		_ultoa         		CODE           	001C	0000	251

C:\Program Files (x86)\Microchip\xc8\v1.34\sources\common\ltoa.c estimated size: 338

C:\Program Files (x86)\Microchip\xc8\v1.34\sources\common\ftmul.c
		___ftmul       		CODE           	0116	0000	249

C:\Program Files (x86)\Microchip\xc8\v1.34\sources\common\ftmul.c estimated size: 249

Main.c
		_ccpInit       		CODE           	09B6	0000	13
		_main          		CODE           	020E	0000	235
		_TIMER0        		CODE           	0008	0000	195
		_TIMERInit     		CODE           	093E	0000	37

Main.c estimated size: 480

C:\Program Files (x86)\Microchip\xc8\v1.34\sources\common\lwtoft.c
		___lwtoft      		CODE           	0918	0000	39

C:\Program Files (x86)\Microchip\xc8\v1.34\sources\common\lwtoft.c estimated size: 39

shared
		_cypress       		MEDIUMCONST    	78FB	0000	1025
		__initializatio		CODE           	0980	0000	13
		_Font          		MEDIUMCONST    	7CFB	0000	769

shared estimated size: 1807

C:\Program Files (x86)\Microchip\xc8\v1.34\sources\pic18\plib\i2c\i2c_open.c
		_OpenI2C       		CODE           	0962	0000	31

C:\Program Files (x86)\Microchip\xc8\v1.34\sources\pic18\plib\i2c\i2c_open.c estimated size: 31

C:\Program Files (x86)\Microchip\xc8\v1.34\sources\common\lldiv.c
		___lldiv       		CODE           	0630	0000	141

C:\Program Files (x86)\Microchip\xc8\v1.34\sources\common\lldiv.c estimated size: 141

C:\Program Files (x86)\Microchip\xc8\v1.34\sources\pic18\plib\i2c\i2c_writ.c
		_WriteI2C      		CODE           	07A2	0000	89

C:\Program Files (x86)\Microchip\xc8\v1.34\sources\pic18\plib\i2c\i2c_writ.c estimated size: 89

C:\Program Files (x86)\Microchip\xc8\v1.34\sources\common\fttol.c
		___fttol       		CODE           	02F8	0000	231

C:\Program Files (x86)\Microchip\xc8\v1.34\sources\common\fttol.c estimated size: 231

