Microchip MPLAB XC8 Compiler V1.34 ()

Linker command line:

-W-3 --edf=C:\Program Files (x86)\Microchip\xc8\v1.34\dat\en_msgs.txt -cs \
  -h+dist/default/production\I2C2.X.production.sym \
  --cmf=dist/default/production\I2C2.X.production.cmf -z -Q18F4550 \
  -oC:\Users\Slyfer\AppData\Local\Temp\s6uo.6 \
  -Mdist/default/production/I2C2.X.production.map -E1 -ver=XC8 \
  -ASTACK=060h-07ffh -pstack=STACK -ACODE=00h-07FFFh -ACONST=00h-07FFFh \
  -ASMALLCONST=0800h-08FFhx120 -AMEDIUMCONST=0800h-07FFFh -ACOMRAM=01h-05Fh \
  -AABS1=00h-07FFh -ABIGRAM=01h-07FFh -ARAM=060h-0FFh,0100h-01FFhx7 \
  -ABANK0=060h-0FFh -ABANK1=0100h-01FFh -ABANK2=0200h-02FFh \
  -ABANK3=0300h-03FFh -ABANK4=0400h-04FFh -ABANK5=0500h-05FFh \
  -ABANK6=0600h-06FFh -ABANK7=0700h-07FFh -ASFR=0F60h-0FFFh \
  -preset_vec=00h,intcode,intcodelo,powerup,init,end_init -pramtop=0800h \
  -psmallconst=SMALLCONST -pmediumconst=MEDIUMCONST -pconst=CONST \
  -AFARRAM=00h-00h -ACONFIG=0300000h-030000Dh -pconfig=CONFIG \
  -AIDLOC=0200000h-0200007h -pidloc=IDLOC -AEEDATA=0F00000h-0F000FFh \
  -peeprom_data=EEDATA \
  -prdata=COMRAM,nvrram=COMRAM,nvbit=COMRAM,rbss=COMRAM,rbit=COMRAM \
  -pfarbss=FARRAM,fardata=FARRAM,nvFARRAM=FARRAM \
  -pintsave_regs=BIGRAM,bigbss=BIGRAM,bigdata=BIGRAM -pbss=RAM \
  -pidata=CODE,irdata=CODE,ibigdata=CODE,ifardata=CODE -prparam=COMRAM \
  C:\Users\Slyfer\AppData\Local\Temp\s6uo.obj \
  dist/default/production\I2C2.X.production.obj 

Object code version is 3.11

Machine type is 18F4550

Call graph: (short form)




                Name                               Link     Load   Length Selector   Space Scale
C:\Users\Slyfer\AppData\Local\Temp\s6uo.obj
                end_init                              0        0        4        0       0
                idloc                            200000   200000        8   200000       0
                config                           300000   300000        E   300000       0
dist/default/production\I2C2.X.production.obj
                text10                             7E6E     7E6E       8C     3F37       0
                text9                              7D98     7D98       5A     3ECC       0
                text8                              7CA8     7CA8        E     3E54       0
                text7                              7D1A     7D1A       26     3E8D       0
                text6                              7CDA     7CDA       1E     3E6D       0
                text5                              7CB6     7CB6       12     3E5B       0
                text4                              7CF8     7CF8       22     3E7C       0
                text3                              7CC8     7CC8       12     3E64       0
                text2                              7D40     7D40       58     3EA0       0
                text1                              7EFA     7EFA      106     3F7D       0
                cstackCOMRAM                          1        1       28        1       1
                cinit                              7CA2     7CA2        6     3E51       0
                text0                              7DF2     7DF2       7C     3EF9       0

TOTAL           Name                               Link     Load   Length     Space
        CLASS   STACK          

        CLASS   CODE           
                end_init                              0        0        4         0
                text10                             7E6E     7E6E       8C         0
                text9                              7D98     7D98       5A         0
                text8                              7CA8     7CA8        E         0
                text7                              7D1A     7D1A       26         0
                text6                              7CDA     7CDA       1E         0
                text5                              7CB6     7CB6       12         0
                text4                              7CF8     7CF8       22         0
                text3                              7CC8     7CC8       12         0
                text2                              7D40     7D40       58         0
                text1                              7EFA     7EFA      106         0
                cinit                              7CA2     7CA2        6         0
                text0                              7DF2     7DF2       7C         0

        CLASS   CONST          

        CLASS   SMALLCONST     

        CLASS   MEDIUMCONST    

        CLASS   COMRAM         
                cstackCOMRAM                          1        1       28         1

        CLASS   ABS1           

        CLASS   BIGRAM         

        CLASS   RAM            

        CLASS   BANK0          

        CLASS   BANK1          

        CLASS   BANK2          

        CLASS   BANK3          

        CLASS   BANK4          

        CLASS   BANK5          

        CLASS   BANK6          

        CLASS   BANK7          

        CLASS   SFR            

        CLASS   FARRAM         

        CLASS   CONFIG         
                config                           300000   300000        E         0

        CLASS   IDLOC          
                idloc                            200000   200000        8         0

        CLASS   EEDATA         



SEGMENTS        Name                           Load    Length   Top    Selector   Space  Class

                reset_vec                      000000  000004  000004         0       0  CODE    
                cstackCOMRAM                   000001  000028  000029         1       1  COMRAM  
                cinit                          007CA2  000006  007CA8      3E51       0  CODE    
                text8                          007CA8  00000E  007CB6      3E54       0  CODE    
                text5                          007CB6  000012  007CC8      3E5B       0  CODE    
                text3                          007CC8  000012  007CDA      3E64       0  CODE    
                text6                          007CDA  00001E  007CF8      3E6D       0  CODE    
                text4                          007CF8  000022  007D1A      3E7C       0  CODE    
                text7                          007D1A  000026  007D40      3E8D       0  CODE    
                text2                          007D40  000058  007D98      3EA0       0  CODE    
                text9                          007D98  00005A  007DF2      3ECC       0  CODE    
                text0                          007DF2  00007C  007E6E      3EF9       0  CODE    
                text10                         007E6E  00008C  007EFA      3F37       0  CODE    
                text1                          007EFA  000106  008000      3F7D       0  CODE    
                idloc                          200000  000008  200008    200000       0  IDLOC   
                config                         300000  00000E  30000E    300000       0  CONFIG  


UNUSED ADDRESS RANGES

        Name                Unused          Largest block    Delta
        BANK0            000060-0000FF               A0
        BANK1            000100-0001FF              100
        BANK2            000200-0002FF              100
        BANK3            000300-0003FF              100
        BANK4            000400-0004FF              100
        BANK5            000500-0005FF              100
        BANK6            000600-0006FF              100
        BANK7            000700-0007FF              100
        BIGRAM           000029-0007FF              7D7
        CODE             000004-007CA1             7C9E
        COMRAM           000029-00005F               37
        CONST            000004-007CA1             7C9E
        EEDATA           F00000-F000FF              100
        MEDIUMCONST      000800-007CA1             74A2
        RAM              000060-0007FF              100
        SFR              000F60-000FFF               A0
        SMALLCONST       000800-007CA1              100
        STACK            000060-0007FF              7A0

                                  Symbol Table

?___lldiv                cstackCOMRAM 000001
EUSART_Char@Caracter     cstackCOMRAM 000001
EUSART_Init@BAUD         cstackCOMRAM 000012
EUSART_Init@FOSC         cstackCOMRAM 00000E
EUSART_String@Data       cstackCOMRAM 000002
I2C_Init@modo            cstackCOMRAM 000004
I2C_Init@speed           cstackCOMRAM 000003
OpenI2C@slew             cstackCOMRAM 000001
OpenI2C@sync_mode        cstackCOMRAM 000002
WriteI2C@data_out        cstackCOMRAM 000002
_BAUDCONbits             (abs)        000FB8
_EUSART_Char             text8        007CA8
_EUSART_Init             text9        007D98
_EUSART_String           text7        007D1A
_I2C_Init                text5        007CB6
_IdleI2C                 text3        007CC8
_OpenI2C                 text6        007CDA
_PIR1bits                (abs)        000F9E
_RCREG                   (abs)        000FAE
_RCSTAbits               (abs)        000FAB
_ReadI2C                 text4        007CF8
_SPBRG                   (abs)        000FAF
_SSPBUF                  (abs)        000FC9
_SSPCON1                 (abs)        000FC6
_SSPCON1bits             (abs)        000FC6
_SSPCON2                 (abs)        000FC5
_SSPCON2bits             (abs)        000FC5
_SSPSTAT                 (abs)        000FC7
_SSPSTATbits             (abs)        000FC7
_TRISBbits               (abs)        000F93
_TRISCbits               (abs)        000F94
_TXREG                   (abs)        000FAD
_TXSTAbits               (abs)        000FAC
_WriteI2C                text2        007D40
__CFG_BOR$ON             (abs)        000000
__CFG_BORV$3             (abs)        000000
__CFG_CCP2MX$ON          (abs)        000000
__CFG_CP0$OFF            (abs)        000000
__CFG_CP1$OFF            (abs)        000000
__CFG_CP2$OFF            (abs)        000000
__CFG_CP3$OFF            (abs)        000000
__CFG_CPB$OFF            (abs)        000000
__CFG_CPD$OFF            (abs)        000000
__CFG_CPUDIV$OSC1_PLL2   (abs)        000000
__CFG_EBTR0$OFF          (abs)        000000
__CFG_EBTR1$OFF          (abs)        000000
__CFG_EBTR2$OFF          (abs)        000000
__CFG_EBTR3$OFF          (abs)        000000
__CFG_EBTRB$OFF          (abs)        000000
__CFG_FCMEN$OFF          (abs)        000000
__CFG_FOSC$XT_XT         (abs)        000000
__CFG_ICPRT$OFF          (abs)        000000
__CFG_IESO$OFF           (abs)        000000
__CFG_LPT1OSC$OFF        (abs)        000000
__CFG_LVP$OFF            (abs)        000000
__CFG_MCLRE$ON           (abs)        000000
__CFG_PBADEN$OFF         (abs)        000000
__CFG_PLLDIV$1           (abs)        000000
__CFG_PWRT$OFF           (abs)        000000
__CFG_STVREN$ON          (abs)        000000
__CFG_USBDIV$1           (abs)        000000
__CFG_VREGEN$OFF         (abs)        000000
__CFG_WDT$OFF            (abs)        000000
__CFG_WDTPS$32768        (abs)        000000
__CFG_WRT0$OFF           (abs)        000000
__CFG_WRT1$OFF           (abs)        000000
__CFG_WRT2$OFF           (abs)        000000
__CFG_WRT3$OFF           (abs)        000000
__CFG_WRTB$OFF           (abs)        000000
__CFG_WRTC$OFF           (abs)        000000
__CFG_WRTD$OFF           (abs)        000000
__CFG_XINST$OFF          (abs)        000000
__HRAM                   (abs)        000000
__Habs1                  abs1         000000
__Hbank0                 bank0        000000
__Hbank1                 bank1        000000
__Hbank2                 bank2        000000
__Hbank3                 bank3        000000
__Hbank4                 bank4        000000
__Hbank5                 bank5        000000
__Hbank6                 bank6        000000
__Hbank7                 bank7        000000
__Hbigbss                bigbss       000000
__Hbigdata               bigdata      000000
__Hbigram                bigram       000000
__Hbss                   bss          000000
__Hcinit                 cinit        000000
__Hclrtext               clrtext      000000
__Hcomram                comram       000000
__Hconfig                config       30000E
__Hconst                 const        000000
__HcstackCOMRAM          cstackCOMRAM 000000
__Hdata                  data         000000
__Heeprom_data           eeprom_data  000000
__Hend_init              end_init     000004
__Hfarbss                farbss       000000
__Hfardata               fardata      000000
__Hibigdata              ibigdata     000000
__Hidata                 idata        000000
__Hidloc                 idloc        200008
__Hifardata              ifardata     000000
__Hinit                  init         000000
__Hintcode               intcode      000000
__Hintcode_body          intcode_body 000000
__Hintcodelo             intcodelo    000000
__Hintentry              intentry     000000
__Hintret                intret       000000
__Hintsave_regs          intsave_regs 000000
__Hirdata                irdata       000000
__Hmediumconst           mediumconst  000000
__HnvFARRAM              nvFARRAM     000000
__Hnvbit                 nvbit        000000
__Hnvrram                nvrram       000000
__Hparam                 rparam       000000
__Hpowerup               powerup      000000
__Hram                   ram          000000
__Hramtop                ramtop       000800
__Hrbit                  rbit         000000
__Hrbss                  rbss         000000
__Hrdata                 rdata        000000
__Hreset_vec             reset_vec    000000
__Hrparam                rparam       000000
__Hsfr                   sfr          000000
__Hsmallconst            smallconst   000000
__Hspace_0               (abs)        30000E
__Hspace_1               (abs)        000029
__Hspace_2               (abs)        000000
__Hstack                 stack        000000
__Hstruct                struct       000000
__Htemp                  temp         000000
__Htext                  text         000000
__Htext0                 text0        000000
__Htext1                 text1        000000
__Htext10                text10       000000
__Htext2                 text2        000000
__Htext3                 text3        000000
__Htext4                 text4        000000
__Htext5                 text5        000000
__Htext6                 text6        000000
__Htext7                 text7        000000
__Htext8                 text8        000000
__Htext9                 text9        000000
__LRAM                   (abs)        000001
__Labs1                  abs1         000000
__Lbank0                 bank0        000000
__Lbank1                 bank1        000000
__Lbank2                 bank2        000000
__Lbank3                 bank3        000000
__Lbank4                 bank4        000000
__Lbank5                 bank5        000000
__Lbank6                 bank6        000000
__Lbank7                 bank7        000000
__Lbigbss                bigbss       000000
__Lbigdata               bigdata      000000
__Lbigram                bigram       000000
__Lbss                   bss          000000
__Lcinit                 cinit        000000
__Lclrtext               clrtext      000000
__Lcomram                comram       000000
__Lconfig                config       300000
__Lconst                 const        000000
__LcstackCOMRAM          cstackCOMRAM 000000
__Ldata                  data         000000
__Leeprom_data           eeprom_data  000000
__Lend_init              end_init     000000
__Lfarbss                farbss       000000
__Lfardata               fardata      000000
__Libigdata              ibigdata     000000
__Lidata                 idata        000000
__Lidloc                 idloc        200000
__Lifardata              ifardata     000000
__Linit                  init         000000
__Lintcode               intcode      000000
__Lintcode_body          intcode_body 000000
__Lintcodelo             intcodelo    000000
__Lintentry              intentry     000000
__Lintret                intret       000000
__Lintsave_regs          intsave_regs 000000
__Lirdata                irdata       000000
__Lmediumconst           mediumconst  000000
__LnvFARRAM              nvFARRAM     000000
__Lnvbit                 nvbit        000000
__Lnvrram                nvrram       000000
__Lparam                 rparam       000000
__Lpowerup               powerup      000000
__Lram                   ram          000000
__Lramtop                ramtop       000800
__Lrbit                  rbit         000000
__Lrbss                  rbss         000000
__Lrdata                 rdata        000000
__Lreset_vec             reset_vec    000000
__Lrparam                rparam       000000
__Lsfr                   sfr          000000
__Lsmallconst            smallconst   000000
__Lspace_0               (abs)        000000
__Lspace_1               (abs)        000000
__Lspace_2               (abs)        000000
__Lstack                 stack        000000
__Lstruct                struct       000000
__Ltemp                  temp         000000
__Ltext                  text         000000
__Ltext0                 text0        000000
__Ltext1                 text1        000000
__Ltext10                text10       000000
__Ltext2                 text2        000000
__Ltext3                 text3        000000
__Ltext4                 text4        000000
__Ltext5                 text5        000000
__Ltext6                 text6        000000
__Ltext7                 text7        000000
__Ltext8                 text8        000000
__Ltext9                 text9        000000
__S0                     (abs)        30000E
__S1                     (abs)        000029
__S2                     (abs)        000000
___inthi_sp              stack        000000
___intlo_sp              stack        000000
___lldiv                 text10       007E6E
___lldiv@counter         cstackCOMRAM 00000D
___lldiv@dividend        cstackCOMRAM 000001
___lldiv@divisor         cstackCOMRAM 000005
___lldiv@quotient        cstackCOMRAM 000009
___param_bank            (abs)        000010
___rparam_used           (abs)        000001
___sp                    stack        000000
__accesstop              (abs)        000060
__activetblptr           (abs)        000000
__end_of_EUSART_Char     text8        007CB6
__end_of_EUSART_Init     text9        007DF2
__end_of_EUSART_String   text7        007D40
__end_of_I2C_Init        text5        007CC8
__end_of_IdleI2C         text3        007CDA
__end_of_OpenI2C         text6        007CF8
__end_of_ReadI2C         text4        007D1A
__end_of_WriteI2C        text2        007D98
__end_of___lldiv         text10       007EFA
__end_of__initialization cinit        007CA2
__end_of_main            text0        007E6E
__end_of_readsData       text1        008000
__initialization         cinit        007CA2
__mediumconst            mediumconst  000000
__pcinit                 cinit        007CA2
__pcstackCOMRAM          cstackCOMRAM 000001
__ptext0                 text0        007DF2
__ptext1                 text1        007EFA
__ptext10                text10       007E6E
__ptext2                 text2        007D40
__ptext3                 text3        007CC8
__ptext4                 text4        007CF8
__ptext5                 text5        007CB6
__ptext6                 text6        007CDA
__ptext7                 text7        007D1A
__ptext8                 text8        007CA8
__ptext9                 text9        007D98
__ramtop                 ramtop       000800
__size_of_EUSART_Char    (abs)        000000
__size_of_EUSART_Init    (abs)        000000
__size_of_EUSART_String  (abs)        000000
__size_of_I2C_Init       (abs)        000000
__size_of_IdleI2C        (abs)        000000
__size_of_OpenI2C        (abs)        000000
__size_of_ReadI2C        (abs)        000000
__size_of_WriteI2C       (abs)        000000
__size_of___lldiv        (abs)        000000
__size_of_main           (abs)        000000
__size_of_readsData      (abs)        000000
__smallconst             smallconst   000000
_main                    text0        007DF2
_readsData               text1        007EFA
end_of_initialization    cinit        007CA2
intlevel0                text         000000
intlevel1                text         000000
intlevel2                text         000000
intlevel3                text         000000
main@Data                cstackCOMRAM 00001B
main@i                   cstackCOMRAM 000028
readsData@AddressStart   cstackCOMRAM 000003
readsData@NumData        cstackCOMRAM 000005
readsData@i              cstackCOMRAM 00000D
readsData@value          cstackCOMRAM 000007
stackhi                  (abs)        0007FF
stacklo                  (abs)        000060
start                    init         000000
start_initialization     cinit        007CA2


FUNCTION INFORMATION:

 *************** function _main *****************
 Defined at:
		line 9 in file "Main.c"
 Parameters:    Size  Location     Type
		None
 Auto vars:     Size  Location     Type
  i               1   39[COMRAM] unsigned char 
  Data           13   26[COMRAM] unsigned char [13]
 Return value:  Size  Location     Type
		None               void
 Registers used:
		wreg, fsr2l, fsr2h, status,2, status,0, prodl, prodh, cstack
 Tracked objects:
		On entry : 
		On exit  : 
		Unchanged: 
 Data sizes:     COMRAM   BANK0   BANK1   BANK2   BANK3   BANK4   BANK5   BANK6   BANK7
      Params:         0       0       0       0       0       0       0       0       0
      Locals:        14       0       0       0       0       0       0       0       0
      Temps:          1       0       0       0       0       0       0       0       0
      Totals:        15       0       0       0       0       0       0       0       0
Total ram usage:       15 bytes
 Hardware stack levels required when called:    3
 This function calls:
		_EUSART_Init
		_EUSART_String
		_I2C_Init
		_readsData
 This function is called by:
		Startup code after reset
 This function uses a non-reentrant model


 *************** function _readsData *****************
 Defined at:
		line 44 in file "24LC256.h"
 Parameters:    Size  Location     Type
  AddressStart    2    2[COMRAM] unsigned int 
  NumData         2    4[COMRAM] unsigned int 
  value           2    6[COMRAM] PTR unsigned char 
		 -> main@Data(13), 
 Auto vars:     Size  Location     Type
  i               1   12[COMRAM] unsigned char 
 Return value:  Size  Location     Type
		None               void
 Registers used:
		wreg, fsr2l, fsr2h, status,2, status,0, prodl, prodh, cstack
 Tracked objects:
		On entry : 
		On exit  : 
		Unchanged: 
 Data sizes:     COMRAM   BANK0   BANK1   BANK2   BANK3   BANK4   BANK5   BANK6   BANK7
      Params:         6       0       0       0       0       0       0       0       0
      Locals:         1       0       0       0       0       0       0       0       0
      Temps:          4       0       0       0       0       0       0       0       0
      Totals:        11       0       0       0       0       0       0       0       0
Total ram usage:       11 bytes
 Hardware stack levels used:    1
 Hardware stack levels required when called:    2
 This function calls:
		_IdleI2C
		_ReadI2C
		_WriteI2C
 This function is called by:
		_main
 This function uses a non-reentrant model


 *************** function _WriteI2C *****************
 Defined at:
		line 12 in file "C:\Program Files (x86)\Microchip\xc8\v1.34\sources\pic18\plib\i2c\i2c_writ.c"
 Parameters:    Size  Location     Type
  data_out        1    wreg     unsigned char 
 Auto vars:     Size  Location     Type
  data_out        1    1[COMRAM] unsigned char 
 Return value:  Size  Location     Type
                  1    wreg      char 
 Registers used:
		wreg, status,2, status,0, cstack
 Tracked objects:
		On entry : 
		On exit  : 
		Unchanged: 
 Data sizes:     COMRAM   BANK0   BANK1   BANK2   BANK3   BANK4   BANK5   BANK6   BANK7
      Params:         0       0       0       0       0       0       0       0       0
      Locals:         1       0       0       0       0       0       0       0       0
      Temps:          0       0       0       0       0       0       0       0       0
      Totals:         1       0       0       0       0       0       0       0       0
Total ram usage:        1 bytes
 Hardware stack levels used:    1
 Hardware stack levels required when called:    1
 This function calls:
		_IdleI2C
 This function is called by:
		_readsData
		_writeData
		_readData
 This function uses a non-reentrant model


 *************** function _IdleI2C *****************
 Defined at:
		line 24 in file "C:\Program Files (x86)\Microchip\xc8\v1.34\sources\pic18\plib\i2c\i2c_idle.c"
 Parameters:    Size  Location     Type
		None
 Auto vars:     Size  Location     Type
		None
 Return value:  Size  Location     Type
		None               void
 Registers used:
		wreg, status,2, status,0
 Tracked objects:
		On entry : 
		On exit  : 
		Unchanged: 
 Data sizes:     COMRAM   BANK0   BANK1   BANK2   BANK3   BANK4   BANK5   BANK6   BANK7
      Params:         0       0       0       0       0       0       0       0       0
      Locals:         0       0       0       0       0       0       0       0       0
      Temps:          1       0       0       0       0       0       0       0       0
      Totals:         1       0       0       0       0       0       0       0       0
Total ram usage:        1 bytes
 Hardware stack levels used:    1
 This function calls:
		Nothing
 This function is called by:
		_readsData
		_WriteI2C
		_writeData
		_readData
 This function uses a non-reentrant model


 *************** function _ReadI2C *****************
 Defined at:
		line 11 in file "C:\Program Files (x86)\Microchip\xc8\v1.34\sources\pic18\plib\i2c\i2c_read.c"
 Parameters:    Size  Location     Type
		None
 Auto vars:     Size  Location     Type
		None
 Return value:  Size  Location     Type
                  1    wreg      unsigned char 
 Registers used:
		wreg, status,2, status,0
 Tracked objects:
		On entry : 
		On exit  : 
		Unchanged: 
 Data sizes:     COMRAM   BANK0   BANK1   BANK2   BANK3   BANK4   BANK5   BANK6   BANK7
      Params:         0       0       0       0       0       0       0       0       0
      Locals:         0       0       0       0       0       0       0       0       0
      Temps:          0       0       0       0       0       0       0       0       0
      Totals:         0       0       0       0       0       0       0       0       0
Total ram usage:        0 bytes
 Hardware stack levels used:    1
 This function calls:
		Nothing
 This function is called by:
		_readsData
		_readData
 This function uses a non-reentrant model


 *************** function _I2C_Init *****************
 Defined at:
		line 9 in file "24LC256.h"
 Parameters:    Size  Location     Type
  modo            1    wreg     unsigned char 
  speed           1    2[COMRAM] unsigned char 
 Auto vars:     Size  Location     Type
  modo            1    3[COMRAM] unsigned char 
 Return value:  Size  Location     Type
		None               void
 Registers used:
		wreg, status,2, status,0, cstack
 Tracked objects:
		On entry : 
		On exit  : 
		Unchanged: 
 Data sizes:     COMRAM   BANK0   BANK1   BANK2   BANK3   BANK4   BANK5   BANK6   BANK7
      Params:         1       0       0       0       0       0       0       0       0
      Locals:         1       0       0       0       0       0       0       0       0
      Temps:          0       0       0       0       0       0       0       0       0
      Totals:         2       0       0       0       0       0       0       0       0
Total ram usage:        2 bytes
 Hardware stack levels used:    1
 Hardware stack levels required when called:    1
 This function calls:
		_OpenI2C
 This function is called by:
		_main
 This function uses a non-reentrant model


 *************** function _OpenI2C *****************
 Defined at:
		line 14 in file "C:\Program Files (x86)\Microchip\xc8\v1.34\sources\pic18\plib\i2c\i2c_open.c"
 Parameters:    Size  Location     Type
  sync_mode       1    wreg     unsigned char 
  slew            1    0[COMRAM] unsigned char 
 Auto vars:     Size  Location     Type
  sync_mode       1    1[COMRAM] unsigned char 
 Return value:  Size  Location     Type
		None               void
 Registers used:
		wreg, status,2, status,0
 Tracked objects:
		On entry : 
		On exit  : 
		Unchanged: 
 Data sizes:     COMRAM   BANK0   BANK1   BANK2   BANK3   BANK4   BANK5   BANK6   BANK7
      Params:         1       0       0       0       0       0       0       0       0
      Locals:         1       0       0       0       0       0       0       0       0
      Temps:          0       0       0       0       0       0       0       0       0
      Totals:         2       0       0       0       0       0       0       0       0
Total ram usage:        2 bytes
 Hardware stack levels used:    1
 This function calls:
		Nothing
 This function is called by:
		_I2C_Init
 This function uses a non-reentrant model


 *************** function _EUSART_String *****************
 Defined at:
		line 23 in file "EUSART.h"
 Parameters:    Size  Location     Type
  Data            2    1[COMRAM] PTR unsigned char 
		 -> main@Data(13), 
 Auto vars:     Size  Location     Type
		None
 Return value:  Size  Location     Type
		None               void
 Registers used:
		wreg, fsr2l, fsr2h, status,2, status,0, cstack
 Tracked objects:
		On entry : 
		On exit  : 
		Unchanged: 
 Data sizes:     COMRAM   BANK0   BANK1   BANK2   BANK3   BANK4   BANK5   BANK6   BANK7
      Params:         2       0       0       0       0       0       0       0       0
      Locals:         0       0       0       0       0       0       0       0       0
      Temps:          0       0       0       0       0       0       0       0       0
      Totals:         2       0       0       0       0       0       0       0       0
Total ram usage:        2 bytes
 Hardware stack levels used:    1
 Hardware stack levels required when called:    1
 This function calls:
		_EUSART_Char
 This function is called by:
		_main
 This function uses a non-reentrant model


 *************** function _EUSART_Char *****************
 Defined at:
		line 30 in file "EUSART.h"
 Parameters:    Size  Location     Type
  Caracter        1    wreg     unsigned char 
 Auto vars:     Size  Location     Type
  Caracter        1    0[COMRAM] unsigned char 
 Return value:  Size  Location     Type
		None               void
 Registers used:
		wreg
 Tracked objects:
		On entry : 
		On exit  : 
		Unchanged: 
 Data sizes:     COMRAM   BANK0   BANK1   BANK2   BANK3   BANK4   BANK5   BANK6   BANK7
      Params:         0       0       0       0       0       0       0       0       0
      Locals:         1       0       0       0       0       0       0       0       0
      Temps:          0       0       0       0       0       0       0       0       0
      Totals:         1       0       0       0       0       0       0       0       0
Total ram usage:        1 bytes
 Hardware stack levels used:    1
 This function calls:
		Nothing
 This function is called by:
		_EUSART_String
 This function uses a non-reentrant model


 *************** function _EUSART_Init *****************
 Defined at:
		line 9 in file "EUSART.h"
 Parameters:    Size  Location     Type
  FOSC            4   13[COMRAM] unsigned long 
  BAUD            4   17[COMRAM] unsigned long 
 Auto vars:     Size  Location     Type
		None
 Return value:  Size  Location     Type
		None               void
 Registers used:
		wreg, status,2, status,0, cstack
 Tracked objects:
		On entry : 
		On exit  : 
		Unchanged: 
 Data sizes:     COMRAM   BANK0   BANK1   BANK2   BANK3   BANK4   BANK5   BANK6   BANK7
      Params:         8       0       0       0       0       0       0       0       0
      Locals:         0       0       0       0       0       0       0       0       0
      Temps:          4       0       0       0       0       0       0       0       0
      Totals:        12       0       0       0       0       0       0       0       0
Total ram usage:       12 bytes
 Hardware stack levels used:    1
 Hardware stack levels required when called:    1
 This function calls:
		___lldiv
 This function is called by:
		_main
 This function uses a non-reentrant model


 *************** function ___lldiv *****************
 Defined at:
		line 8 in file "C:\Program Files (x86)\Microchip\xc8\v1.34\sources\common\lldiv.c"
 Parameters:    Size  Location     Type
  dividend        4    0[COMRAM] unsigned long 
  divisor         4    4[COMRAM] unsigned long 
 Auto vars:     Size  Location     Type
  quotient        4    8[COMRAM] unsigned long 
  counter         1   12[COMRAM] unsigned char 
 Return value:  Size  Location     Type
                  4    0[COMRAM] unsigned long 
 Registers used:
		wreg, status,2, status,0
 Tracked objects:
		On entry : 
		On exit  : 
		Unchanged: 
 Data sizes:     COMRAM   BANK0   BANK1   BANK2   BANK3   BANK4   BANK5   BANK6   BANK7
      Params:         8       0       0       0       0       0       0       0       0
      Locals:         5       0       0       0       0       0       0       0       0
      Temps:          0       0       0       0       0       0       0       0       0
      Totals:        13       0       0       0       0       0       0       0       0
Total ram usage:       13 bytes
 Hardware stack levels used:    1
 This function calls:
		Nothing
 This function is called by:
		_EUSART_Init
 This function uses a non-reentrant model



MODULE INFORMATION

Module		Function		Class		Link	Load	Size
EUSART.h
		_EUSART_Char   		CODE           	7CA8	0000	15
		_EUSART_Init   		CODE           	7D98	0000	91
		_EUSART_String 		CODE           	7D1A	0000	39

EUSART.h estimated size: 145

24LC256.h
		_readsData     		CODE           	7EFA	0000	263
		_I2C_Init      		CODE           	7CB6	0000	19

24LC256.h estimated size: 282

C:\Program Files (x86)\Microchip\xc8\v1.34\sources\pic18\plib\i2c\i2c_idle.c
		_IdleI2C       		CODE           	7CC8	0000	19

C:\Program Files (x86)\Microchip\xc8\v1.34\sources\pic18\plib\i2c\i2c_idle.c estimated size: 19

Main.c
		_main          		CODE           	7DF2	0000	125

Main.c estimated size: 125

shared
		__initializatio		CODE           	7CA2	0000	1

shared estimated size: 1

C:\Program Files (x86)\Microchip\xc8\v1.34\sources\pic18\plib\i2c\i2c_open.c
		_OpenI2C       		CODE           	7CDA	0000	31

C:\Program Files (x86)\Microchip\xc8\v1.34\sources\pic18\plib\i2c\i2c_open.c estimated size: 31

C:\Program Files (x86)\Microchip\xc8\v1.34\sources\common\lldiv.c
		___lldiv       		CODE           	7E6E	0000	141

C:\Program Files (x86)\Microchip\xc8\v1.34\sources\common\lldiv.c estimated size: 141

C:\Program Files (x86)\Microchip\xc8\v1.34\sources\pic18\plib\i2c\i2c_writ.c
		_WriteI2C      		CODE           	7D40	0000	89

C:\Program Files (x86)\Microchip\xc8\v1.34\sources\pic18\plib\i2c\i2c_writ.c estimated size: 89

C:\Program Files (x86)\Microchip\xc8\v1.34\sources\pic18\plib\i2c\i2c_read.c
		_ReadI2C       		CODE           	7CF8	0000	35

C:\Program Files (x86)\Microchip\xc8\v1.34\sources\pic18\plib\i2c\i2c_read.c estimated size: 35

